// Jest Snapshot v1, https://goo.gl/fbAQLP

exports[`App renders properly 1`] = `
<React.Fragment>
  <img
    alt=""
    className="logo"
    height="77"
    src="/Logotype_horizontal.svg"
    width="300"
  />
  <hr />
  <Connect(Play) />
</React.Fragment>
`;
