// Jest Snapshot v1, https://goo.gl/fbAQLP

exports[`Play should render properly 1`] = `
<Connect(Play)
  store={
    Object {
      "clearActions": [Function],
      "dispatch": [Function],
      "getActions": [Function],
      "getState": [Function],
      "replaceReducer": [Function],
      "subscribe": [Function],
    }
  }
>
  <Play
    onPaper={[Function]}
    onRock={[Function]}
    onScissors={[Function]}
    store={Array []}
    storeSubscription={
      Subscription {
        "listeners": Object {
          "clear": [Function],
          "get": [Function],
          "notify": [Function],
          "subscribe": [Function],
        },
        "onStateChange": [Function],
        "parentSub": undefined,
        "store": Object {
          "clearActions": [Function],
          "dispatch": [Function],
          "getActions": [Function],
          "getState": [Function],
          "replaceReducer": [Function],
          "subscribe": [Function],
        },
        "unsubscribe": [Function],
      }
    }
  >
    <button
      className="rock"
      onClick={[Function]}
    >
      rock
    </button>
    <button
      className="paper"
      onClick={[Function]}
    >
      paper
    </button>
    <button
      className="scissors"
      onClick={[Function]}
    >
      scissors
    </button>
  </Play>
</Connect(Play)>
`;
