// Jest Snapshot v1, https://goo.gl/fbAQLP

exports[`Results should render properly 1`] = `
<div>
  <h3>
    Result
  </h3>
  <p />
  <div>
    <h3>
      Score
    </h3>
    <p>
      User: 
    </p>
    <p>
      Computer: 
    </p>
    <p>
      Matches: 
    </p>
  </div>
</div>
`;
