// Jest Snapshot v1, https://goo.gl/fbAQLP

exports[`App renders properly 1`] = `
<div>
  <h3>
    Rock Paper Scissors
  </h3>
</div>
`;
